0 ||| a golf hole ||| lm_0=-203.040 tm_pt_0=-0.000 tm_pt_1=-0.228 tm_pt_2=-0.000 tm_glue_0=2.000 WordPenalty=-2.171 SourcePath=0.000 ||| -200.983
0 ||| a golfloch_OOV ||| lm_0=-103.040 tm_pt_0=-0.000 tm_pt_1=-0.228 tm_pt_2=-0.000 tm_glue_0=1.000 WordPenalty=-1.737 SourcePath=0.000 OOVPenalty=1.000 ||| -201.417
0 ||| a go lf hole ||| lm_0=-303.040 tm_pt_0=-0.000 tm_pt_1=-0.228 tm_pt_2=-0.000 tm_glue_0=3.000 WordPenalty=-2.606 SourcePath=0.000 ||| -300.548
0 ||| a go lfloch_OOV ||| lm_0=-203.040 tm_pt_0=-0.000 tm_pt_1=-0.228 tm_pt_2=-0.000 tm_glue_0=3.000 WordPenalty=-2.171 SourcePath=0.000 OOVPenalty=1.000 ||| -300.983
0 ||| a golf loch_OOV ||| lm_0=-203.040 tm_pt_0=-0.000 tm_pt_1=-0.228 tm_pt_2=-0.000 tm_glue_0=2.000 WordPenalty=-2.171 SourcePath=0.000 OOVPenalty=1.000 ||| -300.983
0 ||| a golf_OOV hole ||| lm_0=-203.040 tm_pt_0=-0.000 tm_pt_1=-0.228 tm_pt_2=-0.000 tm_glue_0=2.000 WordPenalty=-2.171 SourcePath=0.000 OOVPenalty=1.000 ||| -300.983
0 ||| ein_OOV golf hole ||| lm_0=-302.125 tm_pt_0=-0.000 tm_pt_1=-0.000 tm_pt_2=-0.000 tm_glue_0=3.000 WordPenalty=-2.171 SourcePath=0.000 OOVPenalty=1.000 ||| -399.954
0 ||| a g o lf hole ||| lm_0=-403.040 tm_pt_0=-0.000 tm_pt_1=-0.228 tm_pt_2=-0.000 tm_glue_0=4.000 WordPenalty=-3.040 SourcePath=0.000 ||| -400.114
0 ||| a go lf ho le ||| lm_0=-403.040 tm_pt_0=-0.000 tm_pt_1=-0.228 tm_pt_2=-0.000 tm_glue_0=4.000 WordPenalty=-3.040 SourcePath=0.000 ||| -400.114
0 ||| ein_OOV golfloch_OOV ||| lm_0=-202.125 tm_pt_0=0.000 tm_pt_1=0.000 tm_pt_2=0.000 tm_glue_0=2.000 WordPenalty=-1.737 SourcePath=0.000 OOVPenalty=2.000 ||| -400.388
0 ||| a go lflo_OOV le ||| lm_0=-303.040 tm_pt_0=-0.000 tm_pt_1=-0.228 tm_pt_2=-0.000 tm_glue_0=4.000 WordPenalty=-2.606 SourcePath=0.000 OOVPenalty=1.000 ||| -400.548
0 ||| a g o lfloch_OOV ||| lm_0=-303.040 tm_pt_0=-0.000 tm_pt_1=-0.228 tm_pt_2=-0.000 tm_glue_0=4.000 WordPenalty=-2.606 SourcePath=0.000 OOVPenalty=1.000 ||| -400.548
0 ||| a go_OOV lf hole ||| lm_0=-303.040 tm_pt_0=-0.000 tm_pt_1=-0.228 tm_pt_2=-0.000 tm_glue_0=3.000 WordPenalty=-2.606 SourcePath=0.000 OOVPenalty=1.000 ||| -400.548
0 ||| a go_OOV lfloch_OOV ||| lm_0=-203.040 tm_pt_0=-0.000 tm_pt_1=-0.228 tm_pt_2=-0.000 tm_glue_0=3.000 WordPenalty=-2.171 SourcePath=0.000 OOVPenalty=2.000 ||| -400.983
0 ||| a golf_OOV loch_OOV ||| lm_0=-203.040 tm_pt_0=-0.000 tm_pt_1=-0.228 tm_pt_2=-0.000 tm_glue_0=2.000 WordPenalty=-2.171 SourcePath=0.000 OOVPenalty=2.000 ||| -400.983
0 ||| ein_OOV go lf hole ||| lm_0=-402.125 tm_pt_0=-0.000 tm_pt_1=-0.000 tm_pt_2=-0.000 tm_glue_0=3.000 WordPenalty=-2.606 SourcePath=0.000 OOVPenalty=1.000 ||| -499.520
0 ||| a g o lf ho le ||| lm_0=-503.040 tm_pt_0=-0.000 tm_pt_1=-0.228 tm_pt_2=-0.000 tm_glue_0=5.000 WordPenalty=-3.474 SourcePath=0.000 ||| -499.680
0 ||| ein_OOV golf_OOV hole ||| lm_0=-302.125 tm_pt_0=-0.000 tm_pt_1=-0.000 tm_pt_2=-0.000 tm_glue_0=3.000 WordPenalty=-2.171 SourcePath=0.000 OOVPenalty=2.000 ||| -499.954
0 ||| ein_OOV go lfloch_OOV ||| lm_0=-302.125 tm_pt_0=-0.000 tm_pt_1=-0.000 tm_pt_2=-0.000 tm_glue_0=3.000 WordPenalty=-2.171 SourcePath=0.000 OOVPenalty=2.000 ||| -499.954
0 ||| ein_OOV golf loch_OOV ||| lm_0=-302.125 tm_pt_0=-0.000 tm_pt_1=-0.000 tm_pt_2=-0.000 tm_glue_0=3.000 WordPenalty=-2.171 SourcePath=0.000 OOVPenalty=2.000 ||| -499.954
0 ||| a g o lflo_OOV le ||| lm_0=-403.040 tm_pt_0=-0.000 tm_pt_1=-0.228 tm_pt_2=-0.000 tm_glue_0=5.000 WordPenalty=-3.040 SourcePath=0.000 OOVPenalty=1.000 ||| -500.114
0 ||| a g o_OOV lf hole ||| lm_0=-403.040 tm_pt_0=-0.000 tm_pt_1=-0.228 tm_pt_2=-0.000 tm_glue_0=4.000 WordPenalty=-3.040 SourcePath=0.000 OOVPenalty=1.000 ||| -500.114
0 ||| a go_OOV lf ho le ||| lm_0=-403.040 tm_pt_0=-0.000 tm_pt_1=-0.228 tm_pt_2=-0.000 tm_glue_0=4.000 WordPenalty=-3.040 SourcePath=0.000 OOVPenalty=1.000 ||| -500.114
0 ||| a g_OOV o lf hole ||| lm_0=-403.040 tm_pt_0=-0.000 tm_pt_1=-0.228 tm_pt_2=-0.000 tm_glue_0=4.000 WordPenalty=-3.040 SourcePath=0.000 OOVPenalty=1.000 ||| -500.114
0 ||| a go lf ho ch_OOV ||| lm_0=-403.040 tm_pt_0=-0.000 tm_pt_1=-0.228 tm_pt_2=-0.000 tm_glue_0=4.000 WordPenalty=-3.040 SourcePath=0.000 OOVPenalty=1.000 ||| -500.114
0 ||| a go_OOV lflo_OOV le ||| lm_0=-303.040 tm_pt_0=-0.000 tm_pt_1=-0.228 tm_pt_2=-0.000 tm_glue_0=4.000 WordPenalty=-2.606 SourcePath=0.000 OOVPenalty=2.000 ||| -500.548
0 ||| a go lflo_OOV ch_OOV ||| lm_0=-303.040 tm_pt_0=-0.000 tm_pt_1=-0.228 tm_pt_2=-0.000 tm_glue_0=4.000 WordPenalty=-2.606 SourcePath=0.000 OOVPenalty=2.000 ||| -500.548
0 ||| a g_OOV o lfloch_OOV ||| lm_0=-303.040 tm_pt_0=-0.000 tm_pt_1=-0.228 tm_pt_2=-0.000 tm_glue_0=4.000 WordPenalty=-2.606 SourcePath=0.000 OOVPenalty=2.000 ||| -500.548
0 ||| a g o_OOV lfloch_OOV ||| lm_0=-303.040 tm_pt_0=-0.000 tm_pt_1=-0.228 tm_pt_2=-0.000 tm_glue_0=4.000 WordPenalty=-2.606 SourcePath=0.000 OOVPenalty=2.000 ||| -500.548
0 ||| ein_OOV g o lf hole ||| lm_0=-502.125 tm_pt_0=-0.000 tm_pt_1=-0.000 tm_pt_2=-0.000 tm_glue_0=4.000 WordPenalty=-3.040 SourcePath=0.000 OOVPenalty=1.000 ||| -599.085
0 ||| ein_OOV go lf ho le ||| lm_0=-502.125 tm_pt_0=-0.000 tm_pt_1=-0.000 tm_pt_2=-0.000 tm_glue_0=4.000 WordPenalty=-3.040 SourcePath=0.000 OOVPenalty=1.000 ||| -599.085
0 ||| ein_OOV g o lfloch_OOV ||| lm_0=-402.125 tm_pt_0=-0.000 tm_pt_1=-0.000 tm_pt_2=-0.000 tm_glue_0=4.000 WordPenalty=-2.606 SourcePath=0.000 OOVPenalty=2.000 ||| -599.520
0 ||| ein_OOV go_OOV lf hole ||| lm_0=-402.125 tm_pt_0=-0.000 tm_pt_1=-0.000 tm_pt_2=-0.000 tm_glue_0=3.000 WordPenalty=-2.606 SourcePath=0.000 OOVPenalty=2.000 ||| -599.520
0 ||| ein_OOV go lflo_OOV le ||| lm_0=-402.125 tm_pt_0=-0.000 tm_pt_1=-0.000 tm_pt_2=-0.000 tm_glue_0=4.000 WordPenalty=-2.606 SourcePath=0.000 OOVPenalty=2.000 ||| -599.520
0 ||| a g o_OOV lf ho le ||| lm_0=-503.040 tm_pt_0=-0.000 tm_pt_1=-0.228 tm_pt_2=-0.000 tm_glue_0=5.000 WordPenalty=-3.474 SourcePath=0.000 OOVPenalty=1.000 ||| -599.680
0 ||| a g o lf ho ch_OOV ||| lm_0=-503.040 tm_pt_0=-0.000 tm_pt_1=-0.228 tm_pt_2=-0.000 tm_glue_0=5.000 WordPenalty=-3.474 SourcePath=0.000 OOVPenalty=1.000 ||| -599.680
0 ||| a g_OOV o lf ho le ||| lm_0=-503.040 tm_pt_0=-0.000 tm_pt_1=-0.228 tm_pt_2=-0.000 tm_glue_0=5.000 WordPenalty=-3.474 SourcePath=0.000 OOVPenalty=1.000 ||| -599.680
0 ||| ein_OOV golf_OOV loch_OOV ||| lm_0=-302.125 tm_pt_0=0.000 tm_pt_1=0.000 tm_pt_2=0.000 tm_glue_0=3.000 WordPenalty=-2.171 SourcePath=0.000 OOVPenalty=3.000 ||| -599.954
0 ||| ein_OOV go_OOV lfloch_OOV ||| lm_0=-302.125 tm_pt_0=0.000 tm_pt_1=0.000 tm_pt_2=0.000 tm_glue_0=3.000 WordPenalty=-2.171 SourcePath=0.000 OOVPenalty=3.000 ||| -599.954
0 ||| a g_OOV o lflo_OOV le ||| lm_0=-403.040 tm_pt_0=-0.000 tm_pt_1=-0.228 tm_pt_2=-0.000 tm_glue_0=5.000 WordPenalty=-3.040 SourcePath=0.000 OOVPenalty=2.000 ||| -600.114
0 ||| a g o lflo_OOV ch_OOV ||| lm_0=-403.040 tm_pt_0=-0.000 tm_pt_1=-0.228 tm_pt_2=-0.000 tm_glue_0=5.000 WordPenalty=-3.040 SourcePath=0.000 OOVPenalty=2.000 ||| -600.114
0 ||| a g o_OOV lflo_OOV le ||| lm_0=-403.040 tm_pt_0=-0.000 tm_pt_1=-0.228 tm_pt_2=-0.000 tm_glue_0=5.000 WordPenalty=-3.040 SourcePath=0.000 OOVPenalty=2.000 ||| -600.114
0 ||| a go_OOV lf ho ch_OOV ||| lm_0=-403.040 tm_pt_0=-0.000 tm_pt_1=-0.228 tm_pt_2=-0.000 tm_glue_0=4.000 WordPenalty=-3.040 SourcePath=0.000 OOVPenalty=2.000 ||| -600.114
0 ||| a g_OOV o_OOV lf hole ||| lm_0=-403.040 tm_pt_0=-0.000 tm_pt_1=-0.228 tm_pt_2=-0.000 tm_glue_0=4.000 WordPenalty=-3.040 SourcePath=0.000 OOVPenalty=2.000 ||| -600.114
0 ||| a go_OOV lflo_OOV ch_OOV ||| lm_0=-303.040 tm_pt_0=-0.000 tm_pt_1=-0.228 tm_pt_2=-0.000 tm_glue_0=4.000 WordPenalty=-2.606 SourcePath=0.000 OOVPenalty=3.000 ||| -600.548
0 ||| a g_OOV o_OOV lfloch_OOV ||| lm_0=-303.040 tm_pt_0=-0.000 tm_pt_1=-0.228 tm_pt_2=-0.000 tm_glue_0=4.000 WordPenalty=-2.606 SourcePath=0.000 OOVPenalty=3.000 ||| -600.548
0 ||| ein_OOV g o lf ho le ||| lm_0=-602.125 tm_pt_0=-0.000 tm_pt_1=-0.000 tm_pt_2=-0.000 tm_glue_0=5.000 WordPenalty=-3.474 SourcePath=0.000 OOVPenalty=1.000 ||| -698.651
0 ||| ein_OOV go lf ho ch_OOV ||| lm_0=-502.125 tm_pt_0=-0.000 tm_pt_1=-0.000 tm_pt_2=-0.000 tm_glue_0=4.000 WordPenalty=-3.040 SourcePath=0.000 OOVPenalty=2.000 ||| -699.085
0 ||| ein_OOV g o_OOV lf hole ||| lm_0=-502.125 tm_pt_0=-0.000 tm_pt_1=-0.000 tm_pt_2=-0.000 tm_glue_0=4.000 WordPenalty=-3.040 SourcePath=0.000 OOVPenalty=2.000 ||| -699.085
0 ||| ein_OOV g o lflo_OOV le ||| lm_0=-502.125 tm_pt_0=-0.000 tm_pt_1=-0.000 tm_pt_2=-0.000 tm_glue_0=5.000 WordPenalty=-3.040 SourcePath=0.000 OOVPenalty=2.000 ||| -699.085
0 ||| ein_OOV g_OOV o lf hole ||| lm_0=-502.125 tm_pt_0=-0.000 tm_pt_1=-0.000 tm_pt_2=-0.000 tm_glue_0=4.000 WordPenalty=-3.040 SourcePath=0.000 OOVPenalty=2.000 ||| -699.085
0 ||| ein_OOV go_OOV lf ho le ||| lm_0=-502.125 tm_pt_0=-0.000 tm_pt_1=-0.000 tm_pt_2=-0.000 tm_glue_0=4.000 WordPenalty=-3.040 SourcePath=0.000 OOVPenalty=2.000 ||| -699.085
0 ||| ein_OOV go lflo_OOV ch_OOV ||| lm_0=-402.125 tm_pt_0=-0.000 tm_pt_1=-0.000 tm_pt_2=-0.000 tm_glue_0=4.000 WordPenalty=-2.606 SourcePath=0.000 OOVPenalty=3.000 ||| -699.520
0 ||| ein_OOV g_OOV o lfloch_OOV ||| lm_0=-402.125 tm_pt_0=-0.000 tm_pt_1=-0.000 tm_pt_2=-0.000 tm_glue_0=4.000 WordPenalty=-2.606 SourcePath=0.000 OOVPenalty=3.000 ||| -699.520
0 ||| ein_OOV go_OOV lflo_OOV le ||| lm_0=-402.125 tm_pt_0=-0.000 tm_pt_1=-0.000 tm_pt_2=-0.000 tm_glue_0=4.000 WordPenalty=-2.606 SourcePath=0.000 OOVPenalty=3.000 ||| -699.520
0 ||| ein_OOV g o_OOV lfloch_OOV ||| lm_0=-402.125 tm_pt_0=-0.000 tm_pt_1=-0.000 tm_pt_2=-0.000 tm_glue_0=4.000 WordPenalty=-2.606 SourcePath=0.000 OOVPenalty=3.000 ||| -699.520
0 ||| a g o_OOV lf ho ch_OOV ||| lm_0=-503.040 tm_pt_0=-0.000 tm_pt_1=-0.228 tm_pt_2=-0.000 tm_glue_0=5.000 WordPenalty=-3.474 SourcePath=0.000 OOVPenalty=2.000 ||| -699.680
0 ||| a g_OOV o_OOV lf ho le ||| lm_0=-503.040 tm_pt_0=-0.000 tm_pt_1=-0.228 tm_pt_2=-0.000 tm_glue_0=5.000 WordPenalty=-3.474 SourcePath=0.000 OOVPenalty=2.000 ||| -699.680
0 ||| a g_OOV o lf ho ch_OOV ||| lm_0=-503.040 tm_pt_0=-0.000 tm_pt_1=-0.228 tm_pt_2=-0.000 tm_glue_0=5.000 WordPenalty=-3.474 SourcePath=0.000 OOVPenalty=2.000 ||| -699.680
0 ||| a g_OOV o_OOV lflo_OOV le ||| lm_0=-403.040 tm_pt_0=-0.000 tm_pt_1=-0.228 tm_pt_2=-0.000 tm_glue_0=5.000 WordPenalty=-3.040 SourcePath=0.000 OOVPenalty=3.000 ||| -700.114
0 ||| a g_OOV o lflo_OOV ch_OOV ||| lm_0=-403.040 tm_pt_0=-0.000 tm_pt_1=-0.228 tm_pt_2=-0.000 tm_glue_0=5.000 WordPenalty=-3.040 SourcePath=0.000 OOVPenalty=3.000 ||| -700.114
0 ||| a g o_OOV lflo_OOV ch_OOV ||| lm_0=-403.040 tm_pt_0=-0.000 tm_pt_1=-0.228 tm_pt_2=-0.000 tm_glue_0=5.000 WordPenalty=-3.040 SourcePath=0.000 OOVPenalty=3.000 ||| -700.114
0 ||| ein_OOV g o_OOV lf ho le ||| lm_0=-602.125 tm_pt_0=-0.000 tm_pt_1=-0.000 tm_pt_2=-0.000 tm_glue_0=5.000 WordPenalty=-3.474 SourcePath=0.000 OOVPenalty=2.000 ||| -798.651
0 ||| ein_OOV g o lf ho ch_OOV ||| lm_0=-602.125 tm_pt_0=-0.000 tm_pt_1=-0.000 tm_pt_2=-0.000 tm_glue_0=5.000 WordPenalty=-3.474 SourcePath=0.000 OOVPenalty=2.000 ||| -798.651
0 ||| ein_OOV g_OOV o lf ho le ||| lm_0=-602.125 tm_pt_0=-0.000 tm_pt_1=-0.000 tm_pt_2=-0.000 tm_glue_0=5.000 WordPenalty=-3.474 SourcePath=0.000 OOVPenalty=2.000 ||| -798.651
0 ||| ein_OOV g o lflo_OOV ch_OOV ||| lm_0=-502.125 tm_pt_0=-0.000 tm_pt_1=-0.000 tm_pt_2=-0.000 tm_glue_0=5.000 WordPenalty=-3.040 SourcePath=0.000 OOVPenalty=3.000 ||| -799.085
0 ||| ein_OOV g_OOV o lflo_OOV le ||| lm_0=-502.125 tm_pt_0=-0.000 tm_pt_1=-0.000 tm_pt_2=-0.000 tm_glue_0=5.000 WordPenalty=-3.040 SourcePath=0.000 OOVPenalty=3.000 ||| -799.085
0 ||| ein_OOV go_OOV lf ho ch_OOV ||| lm_0=-502.125 tm_pt_0=-0.000 tm_pt_1=-0.000 tm_pt_2=-0.000 tm_glue_0=4.000 WordPenalty=-3.040 SourcePath=0.000 OOVPenalty=3.000 ||| -799.085
0 ||| ein_OOV g o_OOV lflo_OOV le ||| lm_0=-502.125 tm_pt_0=-0.000 tm_pt_1=-0.000 tm_pt_2=-0.000 tm_glue_0=5.000 WordPenalty=-3.040 SourcePath=0.000 OOVPenalty=3.000 ||| -799.085
0 ||| ein_OOV g_OOV o_OOV lf hole ||| lm_0=-502.125 tm_pt_0=-0.000 tm_pt_1=-0.000 tm_pt_2=-0.000 tm_glue_0=4.000 WordPenalty=-3.040 SourcePath=0.000 OOVPenalty=3.000 ||| -799.085
0 ||| ein_OOV go_OOV lflo_OOV ch_OOV ||| lm_0=-402.125 tm_pt_0=0.000 tm_pt_1=0.000 tm_pt_2=0.000 tm_glue_0=4.000 WordPenalty=-2.606 SourcePath=0.000 OOVPenalty=4.000 ||| -799.520
0 ||| ein_OOV g_OOV o_OOV lfloch_OOV ||| lm_0=-402.125 tm_pt_0=0.000 tm_pt_1=0.000 tm_pt_2=0.000 tm_glue_0=4.000 WordPenalty=-2.606 SourcePath=0.000 OOVPenalty=4.000 ||| -799.520
0 ||| a g_OOV o_OOV lf ho ch_OOV ||| lm_0=-503.040 tm_pt_0=-0.000 tm_pt_1=-0.228 tm_pt_2=-0.000 tm_glue_0=5.000 WordPenalty=-3.474 SourcePath=0.000 OOVPenalty=3.000 ||| -799.680
0 ||| a g_OOV o_OOV lflo_OOV ch_OOV ||| lm_0=-403.040 tm_pt_0=-0.000 tm_pt_1=-0.228 tm_pt_2=-0.000 tm_glue_0=5.000 WordPenalty=-3.040 SourcePath=0.000 OOVPenalty=4.000 ||| -800.114
0 ||| ein_OOV g o_OOV lf ho ch_OOV ||| lm_0=-602.125 tm_pt_0=-0.000 tm_pt_1=-0.000 tm_pt_2=-0.000 tm_glue_0=5.000 WordPenalty=-3.474 SourcePath=0.000 OOVPenalty=3.000 ||| -898.651
0 ||| ein_OOV g_OOV o_OOV lf ho le ||| lm_0=-602.125 tm_pt_0=-0.000 tm_pt_1=-0.000 tm_pt_2=-0.000 tm_glue_0=5.000 WordPenalty=-3.474 SourcePath=0.000 OOVPenalty=3.000 ||| -898.651
0 ||| ein_OOV g_OOV o lf ho ch_OOV ||| lm_0=-602.125 tm_pt_0=-0.000 tm_pt_1=-0.000 tm_pt_2=-0.000 tm_glue_0=5.000 WordPenalty=-3.474 SourcePath=0.000 OOVPenalty=3.000 ||| -898.651
0 ||| ein_OOV g_OOV o lflo_OOV ch_OOV ||| lm_0=-502.125 tm_pt_0=-0.000 tm_pt_1=-0.000 tm_pt_2=-0.000 tm_glue_0=5.000 WordPenalty=-3.040 SourcePath=0.000 OOVPenalty=4.000 ||| -899.085
0 ||| ein_OOV g o_OOV lflo_OOV ch_OOV ||| lm_0=-502.125 tm_pt_0=-0.000 tm_pt_1=-0.000 tm_pt_2=-0.000 tm_glue_0=5.000 WordPenalty=-3.040 SourcePath=0.000 OOVPenalty=4.000 ||| -899.085
0 ||| ein_OOV g_OOV o_OOV lflo_OOV le ||| lm_0=-502.125 tm_pt_0=-0.000 tm_pt_1=-0.000 tm_pt_2=-0.000 tm_glue_0=5.000 WordPenalty=-3.040 SourcePath=0.000 OOVPenalty=4.000 ||| -899.085
0 ||| ein_OOV g_OOV o_OOV lf ho ch_OOV ||| lm_0=-602.125 tm_pt_0=-0.000 tm_pt_1=-0.000 tm_pt_2=-0.000 tm_glue_0=5.000 WordPenalty=-3.474 SourcePath=0.000 OOVPenalty=4.000 ||| -998.651
0 ||| ein_OOV g_OOV o_OOV lflo_OOV ch_OOV ||| lm_0=-502.125 tm_pt_0=0.000 tm_pt_1=0.000 tm_pt_2=0.000 tm_glue_0=5.000 WordPenalty=-3.040 SourcePath=0.000 OOVPenalty=5.000 ||| -999.085
