! ! ! ||| ! ! ! ) ||| 0.66665 2.33271 0.66665 1.02888 ||| 0-0 1-1 2-1 2-2 3-3
! ! ||| ! ! ! ! ||| 2.13464 2.22123 3.23325 1.13384 ||| 0-0 1-1 1-2 2-3
! ! ||| ! ! ! ||| 1.58294 2.22123 1.07211 0.85038 ||| 0-0 1-1 2-1 2-2
! ! ! Â» ||| fluctuations &apos; ! ||| 2.82779 21.69998 2.13464 10.69892 ||| 0-0 1-1 3-1 2-2
! ! ! ||| fluctuations &apos; ! ||| 2.82779 19.16647 2.13464 10.69892 ||| 0-0 1-1 3-1 2-2
! ! ) , ||| ! ) in the ||| 2.13464 4.61437 2.82779 4.07543 ||| 0-0 1-0 2-1 4-2
! ! ) , ||| ! ) in ||| 2.13464 4.61437 2.82779 1.22091 ||| 0-0 1-0 2-1 4-2
! ! ) ||| ! ) ||| 6.64550 4.12581 2.13464 0.46196 ||| 0-0 1-0 2-1
! ! ||| ! ! ) ||| 0.66665 1.59230 1.07211 0.74542 ||| 0-0 1-0 1-1 2-2
! ! ||| ! ) ||| 6.64550 1.59230 3.23325 0.46196 ||| 0-0 1-0 2-1
